[orders] listening on :9101 db=/workspace/data/orders.db holds=none
[orders] "GET /health HTTP/1.1" 200 -
[orders] "GET /health HTTP/1.1" 200 -
[orders] "POST /seed HTTP/1.1" 201 -
[orders] "POST /seed HTTP/1.1" 201 -
[orders] "POST /internal/resolve HTTP/1.1" 200 -
[orders] "POST /internal/commands HTTP/1.1" 200 -
[orders] "POST /internal/commands HTTP/1.1" 200 -
[orders] "POST /internal/commands HTTP/1.1" 200 -
[orders] "POST /internal/commands HTTP/1.1" 200 -
[orders] "POST /internal/tombstones HTTP/1.1" 200 -
[orders] "POST /replica-events HTTP/1.1" 410 -
[orders] "GET /records/ord-1 HTTP/1.1" 404 -
[orders] "POST /replica-events HTTP/1.1" 410 -
[orders] "GET /records/ord-2 HTTP/1.1" 404 -
[orders] "GET /admin/quarantine HTTP/1.1" 200 -
[orders] "POST /internal/tombstones HTTP/1.1" 200 -
[orders] "POST /seed HTTP/1.1" 201 -
[orders] "POST /admin/fault HTTP/1.1" 200 -
[orders] "POST /internal/resolve HTTP/1.1" 200 -
[orders] "POST /internal/commands HTTP/1.1" 503 -
[orders] "POST /internal/commands HTTP/1.1" 503 -
[orders] "POST /internal/commands HTTP/1.1" 503 -
[orders] "GET /internal/commands/cmd_45d6e0c704d3 HTTP/1.1" 404 -
[orders] "POST /internal/commands HTTP/1.1" 503 -
[orders] "GET /internal/commands/cmd_45d6e0c704d3 HTTP/1.1" 404 -
[orders] "GET /internal/commands/cmd_45d6e0c704d3 HTTP/1.1" 404 -
[orders] "GET /internal/commands/cmd_45d6e0c704d3 HTTP/1.1" 404 -
[orders] "GET /internal/commands/cmd_45d6e0c704d3 HTTP/1.1" 404 -
[orders] "GET /internal/commands/cmd_45d6e0c704d3 HTTP/1.1" 404 -
[orders] "GET /internal/commands/cmd_45d6e0c704d3 HTTP/1.1" 404 -
[orders] "POST /internal/commands HTTP/1.1" 503 -
[orders] "GET /internal/commands/cmd_45d6e0c704d3 HTTP/1.1" 404 -
[orders] "POST /admin/fault HTTP/1.1" 200 -
[orders] "GET /internal/commands/cmd_45d6e0c704d3 HTTP/1.1" 404 -
[orders] "GET /internal/commands/cmd_45d6e0c704d3 HTTP/1.1" 404 -
[orders] "GET /internal/commands/cmd_45d6e0c704d3 HTTP/1.1" 404 -
[orders] "GET /internal/commands/cmd_45d6e0c704d3 HTTP/1.1" 404 -
[orders] "GET /internal/commands/cmd_45d6e0c704d3 HTTP/1.1" 404 -
[orders] "GET /internal/commands/cmd_45d6e0c704d3 HTTP/1.1" 404 -
[orders] "GET /internal/commands/cmd_45d6e0c704d3 HTTP/1.1" 404 -
[orders] "GET /internal/commands/cmd_45d6e0c704d3 HTTP/1.1" 404 -
[orders] "GET /internal/commands/cmd_45d6e0c704d3 HTTP/1.1" 404 -
[orders] "GET /internal/commands/cmd_45d6e0c704d3 HTTP/1.1" 404 -
[orders] "GET /internal/commands/cmd_45d6e0c704d3 HTTP/1.1" 404 -
[orders] "POST /internal/commands HTTP/1.1" 200 -
[orders] "POST /internal/commands HTTP/1.1" 200 -
[orders] "POST /internal/tombstones HTTP/1.1" 200 -
[orders] "POST /seed HTTP/1.1" 201 -
[orders] "POST /internal/resolve HTTP/1.1" 200 -
[orders] "POST /internal/commands HTTP/1.1" 200 -
[orders] "POST /internal/commands HTTP/1.1" 200 -
[orders] "POST /seed HTTP/1.1" 201 -
[orders] "POST /seed HTTP/1.1" 201 -
[orders] "POST /internal/resolve HTTP/1.1" 200 -
[orders] "POST /internal/commands HTTP/1.1" 200 -
[orders] "POST /internal/commands HTTP/1.1" 200 -
[orders] "POST /internal/tombstones HTTP/1.1" 200 -
[orders] "POST /internal/resolve HTTP/1.1" 200 -
[orders] "POST /internal/commands HTTP/1.1" 200 -
[orders] "POST /internal/commands HTTP/1.1" 200 -
[orders] "POST /internal/tombstones HTTP/1.1" 200 -
[orders] "GET /records/p1-ord HTTP/1.1" 423 -
[orders] "POST /internal/commands HTTP/1.1" 200 -
[orders] "POST /internal/commands HTTP/1.1" 200 -
[orders] "POST /internal/tombstones HTTP/1.1" 200 -
[orders] "POST /seed HTTP/1.1" 201 -
[orders] "POST /seed HTTP/1.1" 201 -
[orders] "POST /internal/resolve HTTP/1.1" 200 -
[orders] "POST /internal/commands HTTP/1.1" 200 -
[orders] "POST /internal/commands HTTP/1.1" 200 -
[orders] "POST /internal/commands HTTP/1.1" 200 -
[orders] "POST /internal/commands HTTP/1.1" 200 -
[orders] "POST /internal/commands HTTP/1.1" 200 -
[orders] "POST /internal/commands HTTP/1.1" 200 -
[orders] "POST /internal/tombstones HTTP/1.1" 200 -
[orders] "POST /seed HTTP/1.1" 201 -
[orders] "POST /internal/resolve HTTP/1.1" 200 -
[orders] "POST /internal/commands HTTP/1.1" 200 -
[orders] "POST /internal/commands HTTP/1.1" 200 -
[orders] "POST /internal/tombstones HTTP/1.1" 200 -
[orders] "POST /seed HTTP/1.1" 201 -
[orders] "POST /internal/resolve HTTP/1.1" 200 -
[orders] "POST /internal/commands HTTP/1.1" 200 -
[orders] "POST /internal/commands HTTP/1.1" 200 -
[orders] "GET /internal/holds/p5-a HTTP/1.1" 200 -
[orders] "POST /internal/commands HTTP/1.1" 200 -
[orders] "POST /internal/commands HTTP/1.1" 200 -
[orders] "POST /internal/tombstones HTTP/1.1" 200 -
[orders] "POST /seed HTTP/1.1" 201 -
[orders] "POST /internal/resolve HTTP/1.1" 200 -
[orders] "POST /internal/commands HTTP/1.1" 200 -
[orders] "POST /seed HTTP/1.1" 201 -
[orders] "POST /internal/resolve HTTP/1.1" 200 -
[orders] "POST /internal/commands HTTP/1.1" 200 -
[orders] "POST /internal/commands HTTP/1.1" 200 -
[orders] "POST /internal/commands HTTP/1.1" 200 -
[orders] "POST /internal/tombstones HTTP/1.1" 200 -
[orders] "GET /internal/holds/p7-r0 HTTP/1.1" 200 -
[orders] "POST /internal/tombstones HTTP/1.1" 200 -
[orders] "POST /internal/commands HTTP/1.1" 200 -
[orders] "POST /seed HTTP/1.1" 201 -
[orders] "POST /internal/resolve HTTP/1.1" 200 -
[orders] "POST /internal/commands HTTP/1.1" 200 -
[orders] "POST /internal/commands HTTP/1.1" 200 -
[orders] "POST /internal/commands HTTP/1.1" 200 -
[orders] "POST /internal/tombstones HTTP/1.1" 200 -
[orders] "GET /internal/holds/p8-a HTTP/1.1" 200 -
[orders] "POST /internal/tombstones HTTP/1.1" 200 -
[orders] "POST /internal/commands HTTP/1.1" 200 -
[orders] "POST /internal/commands HTTP/1.1" 200 -
[orders] "POST /internal/tombstones HTTP/1.1" 200 -
