[policy] compliance policy control plane on :8090 db=/workspace/data/policy.db
[policy] "GET /health HTTP/1.1" 200 -
[policy] "GET /current HTTP/1.1" 200 -
[policy] "GET /health HTTP/1.1" 200 -
[policy] "GET /current HTTP/1.1" 200 -
[policy] "GET /current HTTP/1.1" 200 -
[policy] "GET /current HTTP/1.1" 200 -
[policy] "GET /current HTTP/1.1" 200 -
[policy] "GET /current HTTP/1.1" 200 -
[policy] "GET /current HTTP/1.1" 200 -
[policy] "GET /current HTTP/1.1" 200 -
[policy] "GET /current HTTP/1.1" 200 -
[policy] "GET /current HTTP/1.1" 200 -
[policy] "GET /current HTTP/1.1" 200 -
[policy] "GET /current HTTP/1.1" 200 -
[policy] "GET /current HTTP/1.1" 200 -
[policy] "GET /current HTTP/1.1" 200 -
[policy] "GET /current HTTP/1.1" 200 -
[policy] "GET /current HTTP/1.1" 200 -
[policy] "POST /revisions HTTP/1.1" 201 -
[policy] "POST /revisions/1/canary HTTP/1.1" 200 -
[policy] "GET /current HTTP/1.1" 200 -
[policy] "GET /current HTTP/1.1" 200 -
[policy] "GET /current HTTP/1.1" 200 -
[policy] "GET /current HTTP/1.1" 200 -
[policy] "POST /revisions/1/withdraw HTTP/1.1" 200 -
[policy] "GET /current HTTP/1.1" 200 -
[policy] "GET /current HTTP/1.1" 200 -
[policy] "POST /revisions HTTP/1.1" 201 -
[policy] "GET /revisions/2 HTTP/1.1" 200 -
[policy] "POST /revisions/2/canary HTTP/1.1" 200 -
[policy] "GET /current HTTP/1.1" 200 -
[policy] "POST /revisions/2/withdraw HTTP/1.1" 200 -
[policy] "GET /current HTTP/1.1" 200 -
[policy] "GET /current HTTP/1.1" 200 -
[policy] "POST /revisions HTTP/1.1" 201 -
[policy] "POST /revisions/3/canary HTTP/1.1" 200 -
[policy] "GET /current HTTP/1.1" 200 -
[policy] "GET /current HTTP/1.1" 200 -
[policy] "GET /current HTTP/1.1" 200 -
[policy] "POST /revisions HTTP/1.1" 201 -
[policy] "POST /revisions/4/canary HTTP/1.1" 200 -
[policy] "GET /current HTTP/1.1" 200 -
[policy] "POST /revisions/4/withdraw HTTP/1.1" 200 -
[policy] "GET /current HTTP/1.1" 200 -
[policy] "GET /current HTTP/1.1" 200 -
[policy] "GET /current HTTP/1.1" 200 -
[policy] "POST /revisions HTTP/1.1" 201 -
[policy] "POST /revisions HTTP/1.1" 201 -
[policy] "POST /revisions/5/canary HTTP/1.1" 200 -
[policy] "POST /revisions/6/canary HTTP/1.1" 200 -
[policy] "GET /current HTTP/1.1" 200 -
[policy] "GET /current HTTP/1.1" 200 -
[policy] "POST /revisions/6/activate HTTP/1.1" 409 -
[policy] "GET /current HTTP/1.1" 200 -
[policy] "POST /revisions HTTP/1.1" 201 -
[policy] "POST /revisions/7/canary HTTP/1.1" 200 -
[policy] "GET /current HTTP/1.1" 200 -
[policy] "GET /current HTTP/1.1" 200 -
[policy] "GET /current HTTP/1.1" 200 -
[policy] "POST /revisions/7/withdraw HTTP/1.1" 200 -
[policy] "GET /current HTTP/1.1" 200 -
[policy] "GET /current HTTP/1.1" 200 -
[policy] "POST /revisions HTTP/1.1" 201 -
[policy] "POST /revisions/8/canary HTTP/1.1" 200 -
[policy] "GET /current HTTP/1.1" 200 -
[policy] "GET /current HTTP/1.1" 200 -
[policy] "POST /revisions/0/rollback HTTP/1.1" 200 -
[policy] "GET /current HTTP/1.1" 200 -
[policy] "GET /revisions/8 HTTP/1.1" 200 -
[policy] "GET /stream?since=0 HTTP/1.1" 200 -
